  **** HLS Build v2025.2 6295257
Sourcing Tcl script 'C:/Users/hp/HW-AFDM-OTFS/hls/scripts/run_hls.tcl'
INFO: [HLS 200-1510] Running: open_project -reset C:/Users/hp/HW-AFDM-OTFS/hls/proj/afdm_mod_W12_R16_LEOKa 
WARNING: [HLS 200-2182] The 'afdm_mod_W12_R16_LEOKa' project will not automatically appear within Vitis IDE workspaces and is meant only for TCL batch use.  Please use open_component instead of open_project/open_solution to generate Vitis IDE compatible component files and directory structure.
Resolution: For help on HLS 200-2182 see docs.amd.com/access/sources/dita/topic?Doc_Version=2025.2%20English&url=ug1448-hls-guidance&resourceid=200-2182.html
INFO: [HLS 200-10] Creating and opening solution 'C:/Users/hp/HW-AFDM-OTFS/hls/proj/afdm_mod_W12_R16_LEOKa'.
INFO: [HLS 200-1510] Running: set_top afdm_mod 
INFO: [HLS 200-1510] Running: add_files C:/Users/hp/HW-AFDM-OTFS/hls/src/blocks.cpp -cflags -DWD=12 -DWR=16 -IC:/Users/hp/HW-AFDM-OTFS/hls/src -IC:/Users/hp/HW-AFDM-OTFS/hls/generated/R16_LEOKa 
INFO: [HLS 200-10] Adding design file 'C:/Users/hp/HW-AFDM-OTFS/hls/src/blocks.cpp' to the project
INFO: [HLS 200-1510] Running: add_files -tb C:/Users/hp/HW-AFDM-OTFS/hls/tb/tb_blocks.cpp -cflags -DWD=12 -DWR=16 -IC:/Users/hp/HW-AFDM-OTFS/hls/src -IC:/Users/hp/HW-AFDM-OTFS/hls/generated/R16_LEOKa 
INFO: [HLS 200-10] Adding test bench file 'C:/Users/hp/HW-AFDM-OTFS/hls/tb/tb_blocks.cpp' to the project
INFO: [HLS 200-1510] Running: open_solution -reset sol -flow_target vivado 
INFO: [HLS 200-10] Creating and opening solution 'C:/Users/hp/HW-AFDM-OTFS/hls/proj/afdm_mod_W12_R16_LEOKa/sol'.
INFO: [HLS 200-10] Cleaning up the solution database.
INFO: [HLS 200-1505] Using flow_target 'vivado'
Resolution: For help on HLS 200-1505 see docs.amd.com/access/sources/dita/topic?Doc_Version=2025.2%20English&url=ug1448-hls-guidance&resourceid=200-1505.html
INFO: [HLS 200-1510] Running: set_part xc7z020clg484-1 
INFO: [HLS 200-1611] Setting target device to 'xc7z020-clg484-1'
INFO: [HLS 200-1510] Running: create_clock -period 10.0 -name default 
INFO: [SYN 201-201] Setting up clock 'default' with a period of 10ns.
INFO: [HLS 200-1510] Running: csim_design -argv C:/Users/hp/HW-AFDM-OTFS/hls/generated/W12_R16_LEOKa 
INFO: [SIM 211-2] *************** CSIM start ***************
INFO: [HLS 200-2191] C-Simulation will use clang-16 as the compiler
INFO: [HLS 200-2036] Building debug C Simulation binaries
   Compiling ../../../../../tb/tb_blocks.cpp in debug mode
   Generating csim.exe
In file included from ../../../../../tb/tb_blocks.cpp:6:
In file included from C:/Users/hp/HW-AFDM-OTFS/hls/src\blocks.h:5:
In file included from C:/Users/hp/HW-AFDM-OTFS/hls/src/types.h:7:
In file included from D:/2025.2/Vitis/include\ap_fixed.h:9:
In file included from D:/2025.2/Vitis/include\etc/ap_common.h:668:
In file included from D:/2025.2/Vitis/include\etc/ap_private.h:68:
In file included from D:/2025.2/Vitis/include\hls_half.h:26:
In file included from D:/2025.2/Vitis/include/etc/hls_half_fpo.h:19:
In file included from D:/2025.2/Vitis/include\hls_fpo.h:140:
In file included from D:/2025.2/Vitis/include/floating_point_v7_1_bitacc_cmodel.h:150:
D:/2025.2/Vitis/include\gmp.h:58:9: warning: '__GMP_LIBGMP_DLL' macro redefined [-Wmacro-redefined]
#define __GMP_LIBGMP_DLL  0
        ^
D:/2025.2/Vitis/include/floating_point_v7_1_bitacc_cmodel.h:142:9: note: previous definition is here
#define __GMP_LIBGMP_DLL 1
        ^
1 warning generated.
ld.lld: error: undefined symbol: afdm_mod(cdata const*, cdata*)
>>> referenced by ../../../../../tb\tb_blocks.cpp:46
>>>               obj/tb_blocks.o:(main)

ld.lld: error: undefined symbol: afdm_demod(cdata const*, cdata*)
>>> referenced by ../../../../../tb\tb_blocks.cpp:47
>>>               obj/tb_blocks.o:(main)

ld.lld: error: undefined symbol: afdm_mod_c2zero(cdata const*, cdata*)
>>> referenced by ../../../../../tb\tb_blocks.cpp:48
>>>               obj/tb_blocks.o:(main)

ld.lld: error: undefined symbol: afdm_demod_c2zero(cdata const*, cdata*)
>>> referenced by ../../../../../tb\tb_blocks.cpp:49
>>>               obj/tb_blocks.o:(main)

ld.lld: error: undefined symbol: otfs_zak_mod(cdata const*, cdata*)
>>> referenced by ../../../../../tb\tb_blocks.cpp:50
>>>               obj/tb_blocks.o:(main)

ld.lld: error: undefined symbol: otfs_zak_demod(cdata const*, cdata*)
>>> referenced by ../../../../../tb\tb_blocks.cpp:51
>>>               obj/tb_blocks.o:(main)

ld.lld: error: undefined symbol: otfs_isfft_mod(cdata const*, cdata*)
>>> referenced by ../../../../../tb\tb_blocks.cpp:52
>>>               obj/tb_blocks.o:(main)

ld.lld: error: undefined symbol: otfs_sfft_demod(cdata const*, cdata*)
>>> referenced by ../../../../../tb\tb_blocks.cpp:53
>>>               obj/tb_blocks.o:(main)

ld.lld: error: undefined symbol: otfs_ps_mod(cdata const*, cdata*)
>>> referenced by ../../../../../tb\tb_blocks.cpp:54
>>>               obj/tb_blocks.o:(main)

ld.lld: error: undefined symbol: ofdm_mod(cdata const*, cdata*)
>>> referenced by ../../../../../tb\tb_blocks.cpp:55
>>>               obj/tb_blocks.o:(main)

ld.lld: error: undefined symbol: ofdm_demod(cdata const*, cdata*)
>>> referenced by ../../../../../tb\tb_blocks.cpp:56
>>>               obj/tb_blocks.o:(main)
clang++: error: linker command failed with exit code 1 (use -v to see invocation)
mingw32-make: *** [Makefile.rules:333: csim.exe] Error 1
ERROR: [SIM 211-100] 'csim_design' failed: compilation error(s).
INFO: [SIM 211-3] *************** CSIM finish ***************
INFO: [HLS 200-2161] Finished Command csim_design Elapsed time: 00:00:04; Allocated memory: 0.508 MB.
CSIM Failed
    while executing
"source C:/Users/hp/HW-AFDM-OTFS/hls/scripts/run_hls.tcl"
    ("uplevel" body line 1)
    invoked from within
"uplevel \#0 [list source $tclfile] "

INFO: [HLS 200-112] Total CPU user time: 2 seconds. Total CPU system time: 1 seconds. Total elapsed time: 9.656 seconds; peak allocated memory: 138.336 MB.
INFO: [vitis-run 60-1662] Stopping dispatch session having empty uuid.
