LEO-Ka  AFDM      mp-top resid 0 pilots 0  BER 6.9e-05 1.6e-05 7.2e-06   (errs [100 24 11])
LEO-Ka  AFDM      mp-top resid 1 pilots 0  BER 5.3e-05 5.2e-06 2.6e-06   (errs [82 8 4])
LEO-Ka  AFDM      mp-top resid 0 pilots 1  BER 6.4e-05 6.2e-05 7.6e-04   (errs [75 73 104])
LEO-Ka  AFDM      mp-top resid 1 pilots 1  BER 4.9e-05 1.2e-05 3.8e-05   (errs [57 14 45])
LEO-Ka  AFDM      lmmse  resid 0 pilots 1  BER 2.3e-05 0.0e+00 0.0e+00   (errs [27 0 0])
LEO-Ka  OTFS-Zak  mp-top resid 0 pilots 0  BER 3.9e-05 0.0e+00 0.0e+00   (errs [60 0 0])
LEO-Ka  OTFS-Zak  mp-top resid 1 pilots 0  BER 3.9e-05 0.0e+00 0.0e+00   (errs [60 0 0])
LEO-Ka  OTFS-Zak  mp-top resid 0 pilots 1  BER 3.4e-05 0.0e+00 0.0e+00   (errs [29 0 0])
LEO-Ka  OTFS-Zak  mp-top resid 1 pilots 1  BER 3.4e-05 0.0e+00 0.0e+00   (errs [29 0 0])
LEO-Ka  OTFS-Zak  lmmse  resid 0 pilots 1  BER 2.5e-05 0.0e+00 0.0e+00   (errs [22 0 0])
[Warning: V2X tap profile is a placeholder.] 
[> In tdl_profile (line 40)
In sys_params (line 96)
In study_resid (line 8)] 
V2X     AFDM      mp-top resid 0 pilots 0  BER 3.9e-03 5.0e-04 4.0e-04   (errs [595 102 101])
V2X     AFDM      mp-top resid 1 pilots 0  BER 3.4e-03 3.0e-04 1.8e-04   (errs [525 100 101])
V2X     AFDM      mp-top resid 0 pilots 1  BER 3.5e-03 1.1e-03 2.9e-03   (errs [449 140 375])
V2X     AFDM      mp-top resid 1 pilots 1  BER 3.3e-03 6.0e-04 5.9e-04   (errs [421 102 106])
V2X     AFDM      lmmse  resid 0 pilots 1  BER 4.0e-03 3.3e-04 4.9e-05   (errs [508 100 62])
V2X     OTFS-Zak  mp-top resid 0 pilots 0  BER 3.8e-03 5.4e-04 3.2e-04   (errs [587 100 104])
V2X     OTFS-Zak  mp-top resid 1 pilots 0  BER 3.7e-03 4.6e-04 2.1e-04   (errs [569 100 100])
V2X     OTFS-Zak  mp-top resid 0 pilots 1  BER 3.3e-03 4.7e-04 2.2e-04   (errs [282 137 100])
V2X     OTFS-Zak  mp-top resid 1 pilots 1  BER 3.1e-03 4.0e-04 1.5e-04   (errs [265 117 108])
V2X     OTFS-Zak  lmmse  resid 0 pilots 1  BER 3.0e-03 2.5e-04 3.9e-05   (errs [262 100 34])
EXIT 0
